###############################################################################
#
# IAR ELF Linker V8.11.3.13950/W32 for ARM                10/Apr/2019  14:34:56
# Copyright 2007-2017 IAR Systems AB.
#
#    Output file  =  
#        E:\IAR\workspace\mems\Projects\STM32F030F4_LED_USART_EXIT\EWARM\out\Exe\STM32F0308-Discovery_Demo.out
#    Map file     =  
#        E:\IAR\workspace\mems\Projects\STM32F030F4_LED_USART_EXIT\EWARM\out\List\STM32F0308-Discovery_Demo.map
#    Command line =  
#        -f C:\Users\arc\AppData\Local\Temp\EWF554.tmp
#        (E:\IAR\workspace\mems\Projects\STM32F030F4_LED_USART_EXIT\EWARM\out\Obj\KEY.o
#        E:\IAR\workspace\mems\Projects\STM32F030F4_LED_USART_EXIT\EWARM\out\Obj\LED.o
#        E:\IAR\workspace\mems\Projects\STM32F030F4_LED_USART_EXIT\EWARM\out\Obj\main.o
#        E:\IAR\workspace\mems\Projects\STM32F030F4_LED_USART_EXIT\EWARM\out\Obj\mems.o
#        E:\IAR\workspace\mems\Projects\STM32F030F4_LED_USART_EXIT\EWARM\out\Obj\startup_stm32f0xx.o
#        E:\IAR\workspace\mems\Projects\STM32F030F4_LED_USART_EXIT\EWARM\out\Obj\stm32f0xx_adc.o
#        E:\IAR\workspace\mems\Projects\STM32F030F4_LED_USART_EXIT\EWARM\out\Obj\stm32f0xx_cec.o
#        E:\IAR\workspace\mems\Projects\STM32F030F4_LED_USART_EXIT\EWARM\out\Obj\stm32f0xx_comp.o
#        E:\IAR\workspace\mems\Projects\STM32F030F4_LED_USART_EXIT\EWARM\out\Obj\stm32f0xx_crc.o
#        E:\IAR\workspace\mems\Projects\STM32F030F4_LED_USART_EXIT\EWARM\out\Obj\stm32f0xx_dac.o
#        E:\IAR\workspace\mems\Projects\STM32F030F4_LED_USART_EXIT\EWARM\out\Obj\stm32f0xx_dbgmcu.o
#        E:\IAR\workspace\mems\Projects\STM32F030F4_LED_USART_EXIT\EWARM\out\Obj\stm32f0xx_dma.o
#        E:\IAR\workspace\mems\Projects\STM32F030F4_LED_USART_EXIT\EWARM\out\Obj\stm32f0xx_exti.o
#        E:\IAR\workspace\mems\Projects\STM32F030F4_LED_USART_EXIT\EWARM\out\Obj\stm32f0xx_flash.o
#        E:\IAR\workspace\mems\Projects\STM32F030F4_LED_USART_EXIT\EWARM\out\Obj\stm32f0xx_gpio.o
#        E:\IAR\workspace\mems\Projects\STM32F030F4_LED_USART_EXIT\EWARM\out\Obj\stm32f0xx_i2c.o
#        E:\IAR\workspace\mems\Projects\STM32F030F4_LED_USART_EXIT\EWARM\out\Obj\stm32f0xx_it.o
#        E:\IAR\workspace\mems\Projects\STM32F030F4_LED_USART_EXIT\EWARM\out\Obj\stm32f0xx_iwdg.o
#        E:\IAR\workspace\mems\Projects\STM32F030F4_LED_USART_EXIT\EWARM\out\Obj\stm32f0xx_misc.o
#        E:\IAR\workspace\mems\Projects\STM32F030F4_LED_USART_EXIT\EWARM\out\Obj\stm32f0xx_pwr.o
#        E:\IAR\workspace\mems\Projects\STM32F030F4_LED_USART_EXIT\EWARM\out\Obj\stm32f0xx_rcc.o
#        E:\IAR\workspace\mems\Projects\STM32F030F4_LED_USART_EXIT\EWARM\out\Obj\stm32f0xx_rtc.o
#        E:\IAR\workspace\mems\Projects\STM32F030F4_LED_USART_EXIT\EWARM\out\Obj\stm32f0xx_spi.o
#        E:\IAR\workspace\mems\Projects\STM32F030F4_LED_USART_EXIT\EWARM\out\Obj\stm32f0xx_syscfg.o
#        E:\IAR\workspace\mems\Projects\STM32F030F4_LED_USART_EXIT\EWARM\out\Obj\stm32f0xx_tim.o
#        E:\IAR\workspace\mems\Projects\STM32F030F4_LED_USART_EXIT\EWARM\out\Obj\stm32f0xx_usart.o
#        E:\IAR\workspace\mems\Projects\STM32F030F4_LED_USART_EXIT\EWARM\out\Obj\stm32f0xx_wwdg.o
#        E:\IAR\workspace\mems\Projects\STM32F030F4_LED_USART_EXIT\EWARM\out\Obj\system_stm32f0xx.o
#        E:\IAR\workspace\mems\Projects\STM32F030F4_LED_USART_EXIT\EWARM\out\Obj\USART1.o
#        --redirect _Printf=_PrintfFull --redirect _Scanf=_ScanfFull -o
#        E:\IAR\workspace\mems\Projects\STM32F030F4_LED_USART_EXIT\EWARM\out\Exe\STM32F0308-Discovery_Demo.out
#        --map
#        E:\IAR\workspace\mems\Projects\STM32F030F4_LED_USART_EXIT\EWARM\out\List\STM32F0308-Discovery_Demo.map
#        --config
#        E:\IAR\workspace\mems\Projects\STM32F030F4_LED_USART_EXIT\EWARM\stm32f0xx_flash.icf
#        --semihosting --entry __iar_program_start --vfe --text_out locale)
#
###############################################################################

*******************************************************************************
*** RUNTIME MODEL ATTRIBUTES
***

CppFlavor       = *
__SystemLibrary = DLib
__dlib_version  = 6


*******************************************************************************
*** HEAP SELECTION
***

The basic heap was selected because no calls to memory allocation
functions were found in the application outside of system library
functions, and there are calls to deallocation functions in the
application.


*******************************************************************************
*** PLACEMENT SUMMARY
***

"A0":  place at 0x08000000 { ro section .intvec };
"P1":  place in [from 0x08000000 to 0x0800ffff] { ro };
define block CSTACK with size = 1K, alignment = 8 { };
define block HEAP with size = 512, alignment = 8 { };
"P2":  place in [from 0x20000000 to 0x20001fff] {
          rw, block CSTACK, block HEAP };
initialize by copy { rw };

  Section            Kind        Address    Size  Object
  -------            ----        -------    ----  ------
"A0":                                       0xc0
  .intvec            ro code  0x08000000    0xc0  startup_stm32f0xx.o [1]
                            - 0x080000c0    0xc0

"P1":                                     0x243a
  .text              ro code  0x080000c0  0x1016  xprintffull.o [3]
  .text              ro code  0x080010d6     0x2  startup_stm32f0xx.o [1]
  .text              ro code  0x080010d8    0x8c  xlocale_c.o [3]
  .text              ro code  0x08001164    0x16  strchr.o [5]
  .text              ro code  0x0800117a     0x2  startup_stm32f0xx.o [1]
  .text              ro code  0x0800117c    0x48  xfail_s.o [3]
  .text              ro code  0x080011c4    0x10  strlen.o [5]
  .text              ro code  0x080011d4    0x18  memchr.o [5]
  .text              ro code  0x080011ec     0xa  xmbcurmax.o [3]
  .text              ro code  0x080011f6     0x2  startup_stm32f0xx.o [1]
  .text              ro code  0x080011f8    0x5c  ABImemcpy.o [5]
  .text              ro code  0x08001254    0x6a  I64DivMod.o [5]
  .text              ro code  0x080012be   0x184  DblMul.o [4]
  .text              ro code  0x08001442    0x32  DblCmpLe.o [4]
  .text              ro code  0x08001474    0x32  DblCmpGe.o [4]
  .text              ro code  0x080014a6     0x2  startup_stm32f0xx.o [1]
  .text              ro code  0x080014a8    0x52  DblToI32.o [4]
  .text              ro code  0x080014fa     0x2  startup_stm32f0xx.o [1]
  .text              ro code  0x080014fc    0x34  IxxToDbl.o [4]
  .text              ro code  0x08001530   0x1a8  DblAddSub.o [4]
  .text              ro code  0x080016d8    0xe0  I32DivModFast.o [5]
  .text              ro code  0x080017b8    0xc2  DblDiv.o [4]
  .text              ro code  0x0800187a     0xa  abort.o [3]
  .text              ro code  0x08001884     0x2  I64DivZer.o [5]
  .text              ro code  0x08001886     0x2  startup_stm32f0xx.o [1]
  .text              ro code  0x08001888     0x2  IntDivZer.o [5]
  .text              ro code  0x0800188a     0x2  startup_stm32f0xx.o [1]
  .text              ro code  0x0800188c    0x14  exit.o [6]
  .text              ro code  0x080018a0   0x3cc  mems.o [1]
  .text              ro code  0x08001c6c    0xe0  stm32f0xx_gpio.o [1]
  .text              ro code  0x08001d4c   0x15c  system_stm32f0xx.o [1]
  .text              ro code  0x08001ea8    0xda  KEY.o [1]
  .text              ro code  0x08001f82     0x2  startup_stm32f0xx.o [1]
  .text              ro code  0x08001f84    0x48  stm32f0xx_rcc.o [1]
  .text              ro code  0x08001fcc    0x5c  stm32f0xx_syscfg.o [1]
  .text              ro code  0x08002028    0xc0  stm32f0xx_exti.o [1]
  .text              ro code  0x080020e8    0x74  stm32f0xx_misc.o [1]
  .text              ro code  0x0800215c    0x4c  LED.o [1]
  .text              ro code  0x080021a8    0x28  printf.o [3]
  .text              ro code  0x080021d0    0x7c  stm32f0xx_usart.o [1]
  .text              ro code  0x0800224c    0x58  USART1.o [1]
  .text              ro code  0x080022a4    0x40  zero_init3.o [5]
  .text              ro code  0x080022e4    0x3c  packbits_init_single.o [5]
  .text              ro code  0x08002320    0x2c  main.o [1]
  .text              ro code  0x0800234c    0x28  data_init.o [5]
  .iar.init_table    const    0x08002374    0x20  - Linker created -
  .rodata            const    0x08002394    0x1c  KEY.o [1]
  .text              ro code  0x080023b0    0x1c  xencoding_8859_1.o [3]
  .text              ro code  0x080023cc    0x1a  cmain.o [5]
  .text              ro code  0x080023e6     0x4  low_level_init.o [3]
  .text              ro code  0x080023ea     0x8  exit.o [3]
  .text              ro code  0x080023f2     0x2  startup_stm32f0xx.o [1]
  .text              ro code  0x080023f4     0xa  cexit.o [5]
  .text              ro code  0x080023fe    0x16  xprout.o [3]
  .text              ro code  0x08002414    0x10  putchar.o [3]
  .rodata            const    0x08002424    0x10  xprintffull.o [3]
  .text              ro code  0x08002434    0x10  startup_stm32f0xx.o [1]
  .text              ro code  0x08002444     0xc  stm32f0xx_it.o [1]
  .text              ro code  0x08002450     0xc  cstartup_M.o [5]
  .rodata            const    0x0800245c     0x6  xlocale_c.o [3]
  .text              ro code  0x08002462     0x2  startup_stm32f0xx.o [1]
  .text              ro code  0x08002464     0x2  startup_stm32f0xx.o [1]
  .text              ro code  0x08002466     0x2  startup_stm32f0xx.o [1]
  .text              ro code  0x08002468     0x2  startup_stm32f0xx.o [1]
  .text              ro code  0x0800246a     0x2  startup_stm32f0xx.o [1]
  .text              ro code  0x0800246c     0x2  startup_stm32f0xx.o [1]
  .text              ro code  0x0800246e     0x2  startup_stm32f0xx.o [1]
  .text              ro code  0x08002470     0x2  startup_stm32f0xx.o [1]
  .text              ro code  0x08002472     0x2  startup_stm32f0xx.o [1]
  .text              ro code  0x08002474     0x2  startup_stm32f0xx.o [1]
  .text              ro code  0x08002476     0x2  startup_stm32f0xx.o [1]
  .text              ro code  0x08002478     0x2  startup_stm32f0xx.o [1]
  .text              ro code  0x0800247a     0x2  startup_stm32f0xx.o [1]
  .text              ro code  0x0800247c     0x2  startup_stm32f0xx.o [1]
  .text              ro code  0x0800247e     0x2  startup_stm32f0xx.o [1]
  .text              ro code  0x08002480     0x2  startup_stm32f0xx.o [1]
  .text              ro code  0x08002482     0x2  startup_stm32f0xx.o [1]
  .text              ro code  0x08002484     0x2  startup_stm32f0xx.o [1]
  .rodata            const    0x08002486     0x0  zero_init3.o [5]
  .rodata            const    0x08002486     0x0  packbits_init_single.o [5]
  Initializer bytes  const    0x08002486    0x74  <for P2-1>
                            - 0x080024fa  0x243a

"P2", part 1 of 3:                          0xc8
  P2-1                        0x20000000    0xc8  <Init block>
    .data            inited   0x20000000    0x38  xlocale_c.o [3]
    .data            inited   0x20000038    0x48  xlocale_c.o [3]
    .data            inited   0x20000080    0x48  xfiles.o [3]
                            - 0x200000c8    0xc8

"P2", part 2 of 3:                          0x58
  .bss               zero     0x200000c8    0x50  xfiles.o [3]
  .bss               zero     0x20000118     0x4  xfail_s.o [3]
  .bss               zero     0x2000011c     0x1  mems.o [1]
                            - 0x2000011d    0x55

"P2", part 3 of 3:                         0x400
  CSTACK                      0x20000120   0x400  <Block>
    CSTACK           uninit   0x20000120   0x400  <Block tail>
                            - 0x20000520   0x400


*******************************************************************************
*** INIT TABLE
***

          Address     Size
          -------     ----
Zero (__iar_zero_init3)
    1 destination range, total size 0x55:
          0x200000c8  0x55

Copy/packbits (__iar_packbits_init_single3)
    1 source range, total size 0x74 (57% of destination):
          0x08002486  0x74
    1 destination range, total size 0xc8:
          0x20000000  0xc8



*******************************************************************************
*** MODULE SUMMARY
***

    Module                  ro code  ro data  rw data
    ------                  -------  -------  -------
E:\IAR\workspace\mems\Projects\STM32F030F4_LED_USART_EXIT\EWARM\out\Obj: [1]
    KEY.o                       218       28
    LED.o                        76
    USART1.o                     88
    main.o                       44
    mems.o                      972                 1
    startup_stm32f0xx.o         262
    stm32f0xx_exti.o            192
    stm32f0xx_gpio.o            224
    stm32f0xx_it.o               12
    stm32f0xx_misc.o            116
    stm32f0xx_rcc.o              72
    stm32f0xx_syscfg.o           92
    stm32f0xx_usart.o           124
    system_stm32f0xx.o          348
    -------------------------------------------------
    Total:                    2 840       28        1

command line: [2]
    -------------------------------------------------
    Total:

dl6M_tlf.a: [3]
    abort.o                      10
    exit.o                        8
    low_level_init.o              4
    printf.o                     40
    putchar.o                    16
    xencoding_8859_1.o           28
    xfail_s.o                    72                 4
    xfiles.o                              41      152
    xlocale_c.o                 140       80      128
    xmbcurmax.o                  10
    xprintffull.o             4 118       16
    xprout.o                     22
    -------------------------------------------------
    Total:                    4 468      137      284

m6M_tl.a: [4]
    DblAddSub.o                 424
    DblCmpGe.o                   50
    DblCmpLe.o                   50
    DblDiv.o                    194
    DblMul.o                    388
    DblToI32.o                   82
    IxxToDbl.o                   52
    -------------------------------------------------
    Total:                    1 240

rt6M_tl.a: [5]
    ABImemcpy.o                  92
    I32DivModFast.o             224
    I64DivMod.o                 106
    I64DivZer.o                   2
    IntDivZer.o                   2
    cexit.o                      10
    cmain.o                      26
    cstartup_M.o                 12
    data_init.o                  40
    memchr.o                     24
    packbits_init_single.o       60
    strchr.o                     22
    strlen.o                     16
    zero_init3.o                 64
    -------------------------------------------------
    Total:                      700

shb_l.a: [6]
    exit.o                       20
    -------------------------------------------------
    Total:                       20

    Linker created                        33    1 024
-----------------------------------------------------
    Grand Total:              9 268      198    1 309


*******************************************************************************
*** ENTRY LIST
***

Entry                      Address   Size  Type      Object
-----                      -------   ----  ----      ------
.iar.init_table$$Base   0x08002374          --   Gb  - Linker created -
.iar.init_table$$Limit  0x08002394          --   Gb  - Linker created -
?main                   0x080023cd         Code  Gb  cmain.o [5]
CSTACK$$Base            0x20000120          --   Gb  - Linker created -
CSTACK$$Limit           0x20000520          --   Gb  - Linker created -
CacheMore               0x080010dd   0x28  Code  Lc  xlocale_c.o [3]
Delay                   0x08002321    0xc  Code  Gb  main.o [1]
EXTI0_1_IRQHandler      0x08001f25   0x26  Code  Gb  KEY.o [1]
EXTI_ClearITPendingBit  0x080020cb    0x6  Code  Gb  stm32f0xx_exti.o [1]
EXTI_GetITStatus        0x080020b1   0x1a  Code  Gb  stm32f0xx_exti.o [1]
EXTI_Init               0x08002029   0x88  Code  Gb  stm32f0xx_exti.o [1]
GPIO_Init               0x08001c6d   0xbc  Code  Gb  stm32f0xx_gpio.o [1]
GPIO_ReadInputDataBit   0x08001d29   0x1a  Code  Gb  stm32f0xx_gpio.o [1]
GPIO_ResetBits          0x08001d49    0x4  Code  Gb  stm32f0xx_gpio.o [1]
GPIO_SetBits            0x08001d43    0x6  Code  Gb  stm32f0xx_gpio.o [1]
HardFault_Handler       0x08002447    0x4  Code  Gb  stm32f0xx_it.o [1]
IIC_Ack                 0x08001aad   0x2c  Code  Gb  mems.o [1]
IIC_NAck                0x08001ad9   0x2c  Code  Gb  mems.o [1]
IIC_Read_Byte           0x08001b53   0x5c  Code  Gb  mems.o [1]
IIC_Send_Byte           0x08001b05   0x4e  Code  Gb  mems.o [1]
IIC_Start               0x08001a03   0x34  Code  Gb  mems.o [1]
IIC_Stop                0x08001a37   0x28  Code  Gb  mems.o [1]
IIC_Wait_Ack            0x08001a5f   0x4e  Code  Gb  mems.o [1]
KEY_EXTI_Init           0x08001ea9   0x7c  Code  Gb  KEY.o [1]
LED_Init                0x0800215d   0x30  Code  Gb  LED.o [1]
LED_OFF                 0x0800219b    0xe  Code  Gb  LED.o [1]
LED_ON                  0x0800218d    0xe  Code  Gb  LED.o [1]
LoadInt                 0x080002b5   0x74  Code  Lc  xprintffull.o [3]
MemsOpen                0x080018a1   0x92  Code  Gb  mems.o [1]
Mems_ReadReg            0x08001baf   0x66  Code  Lc  mems.o [1]
Mems_WriteReg           0x08001c15   0x58  Code  Lc  mems.o [1]
NMI_Handler             0x08002445    0x2  Code  Gb  stm32f0xx_it.o [1]
NVIC_Init               0x080020e9   0x68  Code  Gb  stm32f0xx_misc.o [1]
PendSV_Handler          0x0800244d    0x2  Code  Gb  stm32f0xx_it.o [1]
RCC_AHBPeriphClockCmd   0x08001f85   0x20  Code  Gb  stm32f0xx_rcc.o [1]
RCC_APB2PeriphClockCmd  0x08001fa5   0x20  Code  Gb  stm32f0xx_rcc.o [1]
Read_SDA                0x080019f5    0xe  Code  Lc  mems.o [1]
Region$$Table$$Base     0x08002374          --   Gb  - Linker created -
Region$$Table$$Limit    0x08002394          --   Gb  - Linker created -
SCL_OutPutBit           0x080019d3   0x22  Code  Lc  mems.o [1]
SDA_In                  0x0800196b   0x20  Code  Lc  mems.o [1]
SDA_Out                 0x0800198b   0x26  Code  Lc  mems.o [1]
SDA_OutPutBit           0x080019b1   0x22  Code  Lc  mems.o [1]
SVC_Handler             0x0800244b    0x2  Code  Gb  stm32f0xx_it.o [1]
SYSCFG_EXTILineConfig   0x08001fcd   0x56  Code  Gb  stm32f0xx_syscfg.o [1]
SetSysClock             0x08001dbb   0xbe  Code  Lc  system_stm32f0xx.o [1]
SysTick_Handler         0x0800244f    0x2  Code  Gb  stm32f0xx_it.o [1]
SystemInit              0x08001d4d   0x6e  Code  Gb  system_stm32f0xx.o [1]
USART1_IRQHandler       0x0800224d   0x2c  Code  Gb  USART1.o [1]
USART_GetFlagStatus     0x080021e1   0x18  Code  Gb  stm32f0xx_usart.o [1]
USART_GetITStatus       0x080021f9   0x54  Code  Gb  stm32f0xx_usart.o [1]
USART_ReceiveData       0x080021d9    0x8  Code  Gb  stm32f0xx_usart.o [1]
USART_SendData          0x080021d1    0x8  Code  Gb  stm32f0xx_usart.o [1]
_Encoding_8859_1_Mbrlen
                        0x080023c1    0x2  Code  Gb  xencoding_8859_1.o [3]
_Encoding_8859_1_Wctomb
                        0x080023b1   0x10  Code  Gb  xencoding_8859_1.o [3]
_GenldFull              0x08000e35  0x26e  Code  Lc  xprintffull.o [3]
_LdtobFull              0x080009b5  0x46c  Code  Lc  xprintffull.o [3]
_LitobFull              0x08000835  0x12e  Code  Lc  xprintffull.o [3]
_Locale_lconv           0x20000000   0x38  Data  Lc  xlocale_c.o [3]
_PrintfFull             0x080000c1  0x1e0  Code  Gb  xprintffull.o [3]
_Prout                  0x080023ff   0x16  Code  Gb  xprout.o [3]
_PutcharsFull           0x080010a3   0x32  Code  Lc  xprintffull.o [3]
_PutfldFull             0x08000329  0x2d6  Code  Lc  xprintffull.o [3]
_PutstrFull             0x0800076d   0xc0  Code  Lc  xprintffull.o [3]
_PuttxtFull             0x08000669  0x102  Code  Lc  xprintffull.o [3]
__ICFEDIT_region_RAM_end__ {Abs}
                        0x20001fff         Data  Gb  command line/config [2]
__ICFEDIT_region_RAM_start__ {Abs}
                        0x20000000         Data  Gb  command line/config [2]
__aeabi_cdcmple         0x08001443         Code  Gb  DblCmpLe.o [4]
__aeabi_cdrcmple        0x08001475         Code  Gb  DblCmpGe.o [4]
__aeabi_d2iz            0x080014a9         Code  Gb  DblToI32.o [4]
__aeabi_d2uiz           0x080014cd         Code  Gb  DblToI32.o [4]
__aeabi_ddiv            0x080017b9         Code  Gb  DblDiv.o [4]
__aeabi_dmul            0x080012bf         Code  Gb  DblMul.o [4]
__aeabi_dsub            0x080015eb         Code  Gb  DblAddSub.o [4]
__aeabi_i2d             0x0800151d         Code  Gb  IxxToDbl.o [4]
__aeabi_idiv            0x08001705         Code  Gb  I32DivModFast.o [5]
__aeabi_idiv0           0x08001889         Code  Gb  IntDivZer.o [5]
__aeabi_idivmod         0x08001705         Code  Gb  I32DivModFast.o [5]
__aeabi_ldiv0           0x08001885         Code  Gb  I64DivZer.o [5]
__aeabi_memcpy          0x080011f9         Code  Gb  ABImemcpy.o [5]
__aeabi_ui2d            0x080014fd         Code  Gb  IxxToDbl.o [4]
__aeabi_uidiv           0x0800170b         Code  Gb  I32DivModFast.o [5]
__aeabi_uidivmod        0x0800170b         Code  Gb  I32DivModFast.o [5]
__aeabi_uldivmod        0x08001255         Code  Gb  I64DivMod.o [5]
__cmain                 0x080023cd         Code  Gb  cmain.o [5]
__exit                  0x0800188d   0x14  Code  Gb  exit.o [6]
__iar_Fail_s            0x0800117d   0x22  Code  Gb  xfail_s.o [3]
__iar_Mbcurmax          0x080011ed    0xa  Code  Gb  xmbcurmax.o [3]
__iar_Stdout            0x20000080   0x48  Data  Gb  xfiles.o [3]
__iar_d2uiz             0x080014d1         Code  Gb  DblToI32.o [4]
__iar_data_init3        0x0800234d   0x28  Code  Gb  data_init.o [5]
__iar_globLocale        0x20000038   0x48  Data  Lc  xlocale_c.o [3]
__iar_global_Locale     0x080010d9    0x4  Code  Gb  xlocale_c.o [3]
__iar_packbits_init_single3
                        0x080022e5   0x3c  Code  Gb  packbits_init_single.o [5]
__iar_program_start     0x08002451         Code  Gb  cstartup_M.o [5]
__iar_systems$$module {Abs}
                        0x00000001         Data  Gb  command line/config [2]
__iar_zero_init3        0x080022a5   0x40  Code  Gb  zero_init3.o [5]
__low_level_init        0x080023e7    0x4  Code  Gb  low_level_init.o [3]
__vector_table          0x08000000         Data  Gb  startup_stm32f0xx.o [1]
_call_main              0x080023d9         Code  Gb  cmain.o [5]
_exit                   0x080023f5         Code  Gb  cexit.o [5]
_gLocale_mblen          0x08001141    0xa  Code  Gb  xlocale_c.o [3]
_gLocale_mblenInt       0x08001105   0x34  Code  Gb  xlocale_c.o [3]
_gLocale_wctomb         0x0800114b    0xa  Code  Gb  xlocale_c.o [3]
_gLocale_wctombInt      0x08001139    0x8  Code  Gb  xlocale_c.o [3]
_main                   0x080023e3         Code  Gb  cmain.o [5]
abort                   0x0800187b    0xa  Code  Gb  abort.o [3]
exit                    0x080023eb    0x8  Code  Gb  exit.o [3]
fputc                   0x08002279   0x22  Code  Gb  USART1.o [1]
localeconv              0x08001157    0x4  Code  Gb  xlocale_c.o [3]
main                    0x0800232d   0x1a  Code  Gb  main.o [1]
memchr                  0x080011d5   0x18  Code  Gb  memchr.o [5]
obuf                    0x200000c8   0x50  Data  Lc  xfiles.o [3]
printf                  0x080021a9   0x28  Code  Gb  printf.o [3]
putchar                 0x08002415   0x10  Code  Gb  putchar.o [3]
scale                   0x08000963   0x44  Code  Lc  xprintffull.o [3]
sec_hand                0x20000118    0x4  Data  Lc  xfail_s.o [3]
strchr                  0x08001165    0x2  Code  Gb  strchr.o [5]
strlen                  0x080011c5   0x10  Code  Gb  strlen.o [5]
transBuf                0x2000011c    0x1  Data  Gb  mems.o [1]
usDelay                 0x08001939   0x32  Code  Gb  mems.o [1]
usDelay1                0x08001f51   0x32  Code  Gb  KEY.o [1]


[1] = E:\IAR\workspace\mems\Projects\STM32F030F4_LED_USART_EXIT\EWARM\out\Obj
[2] = command line
[3] = dl6M_tlf.a
[4] = m6M_tl.a
[5] = rt6M_tl.a
[6] = shb_l.a

  9 268 bytes of readonly  code memory
    198 bytes of readonly  data memory
  1 309 bytes of readwrite data memory

Errors: none
Warnings: none
